01:16:57 winapi=1224
01:16:57 open wb 'D:\\vltk-2.2-ai-extended\\src\\map\\war3map.w3a' winerror=None try 0 (kskill.py)
01:16:58 winapi=1224
01:16:58 open wb 'D:\\vltk-2.2-ai-extended\\src\\map\\war3map.w3a' winerror=None try 1 (kskill.py)
01:20:47 winapi=1224
01:20:47 open wb 'D:\\vltk-2.2-ai-extended\\src\\map\\Scripts\\war3map.j' winerror=None try 0 (convert_text.py)
01:20:47 winapi=1224
01:20:47 open wb 'D:\\vltk-2.2-ai-extended\\src\\map\\Scripts\\war3map.j' winerror=None try 1 (convert_text.py)
01:20:48 winapi=1224
01:20:48 open wb 'D:\\vltk-2.2-ai-extended\\src\\map\\Scripts\\war3map.j' winerror=None try 0 (expand.py)
01:20:49 winapi=1224
01:20:49 open wb 'D:\\vltk-2.2-ai-extended\\src\\map\\Scripts\\war3map.j' winerror=None try 1 (expand.py)
01:20:50 winapi=1224
01:20:50 open wb 'D:\\vltk-2.2-ai-extended\\src\\map\\war3map.w3u' winerror=None try 0 (kvcreep.py)
01:20:50 winapi=1224
01:20:50 open wb 'D:\\vltk-2.2-ai-extended\\src\\map\\war3map.w3u' winerror=None try 1 (kvcreep.py)
01:20:51 winapi=1224
01:20:51 open wb 'D:\\vltk-2.2-ai-extended\\src\\map\\war3map.w3a' winerror=None try 0 (tranphai.py)
01:20:51 winapi=1224
01:20:51 open wb 'D:\\vltk-2.2-ai-extended\\src\\map\\war3map.w3a' winerror=None try 1 (tranphai.py)
01:20:52 winapi=1224
01:20:52 open wb 'D:\\vltk-2.2-ai-extended\\src\\map\\war3map.w3u' winerror=None try 0 (tanlang.py)
01:20:53 winapi=1224
01:20:53 open wb 'D:\\vltk-2.2-ai-extended\\src\\map\\war3map.w3u' winerror=None try 1 (tanlang.py)
01:21:03 winapi=1224
01:21:03 open wb 'D:\\vltk-2.2-ai-extended\\src\\map\\war3map.w3a' winerror=None try 0 (kskill.py)
01:21:26 winapi=1224
01:21:26 open wb 'D:\\vltk-2.2-ai-extended\\build\\war3map.j' winerror=None try 0 (build.py)
01:21:26 winapi=1224
01:21:26 open wb 'D:\\vltk-2.2-ai-extended\\build\\war3map.j' winerror=None try 1 (build.py)
01:21:27 winapi=1224
01:21:27 open wb 'D:\\vltk-2.2-ai-extended\\build\\war3map.j' winerror=None try 2 (build.py)
01:25:54 winapi=1224
01:25:54 open wb 'D:\\vltk-2.2-ai-extended\\src\\map\\war3map.w3a' winerror=None try 0 (kskill.py)
01:25:55 winapi=1224
01:25:55 open wb 'D:\\vltk-2.2-ai-extended\\src\\map\\war3map.w3a' winerror=None try 1 (kskill.py)
01:25:56 winapi=1224
01:25:56 open wb 'D:\\vltk-2.2-ai-extended\\src\\map\\war3map.w3u' winerror=None try 0 (kskill.py)
01:25:56 winapi=1224
01:25:56 open wb 'D:\\vltk-2.2-ai-extended\\src\\map\\war3map.w3u' winerror=None try 1 (kskill.py)
01:30:23 winapi=1224
01:30:23 open wb 'D:\\vltk-2.2-ai-extended\\src\\map\\Scripts\\war3map.j' winerror=None try 0 (convert_text.py)
01:30:25 winapi=1224
01:30:25 open wb 'D:\\vltk-2.2-ai-extended\\src\\map\\war3map.w3a' winerror=None try 0 (skills.py)
01:30:25 winapi=1224
01:30:25 open wb 'D:\\vltk-2.2-ai-extended\\src\\map\\war3map.w3a' winerror=None try 1 (skills.py)
01:30:26 winapi=1224
01:30:26 open wb 'D:\\vltk-2.2-ai-extended\\src\\map\\war3map.w3a' winerror=None try 2 (skills.py)
01:30:26 winapi=1224
01:30:26 open wb 'D:\\vltk-2.2-ai-extended\\src\\map\\war3map.w3a' winerror=None try 3 (skills.py)
01:30:27 winapi=1224
01:30:27 open wb 'D:\\vltk-2.2-ai-extended\\src\\map\\war3map.w3a' winerror=None try 4 (skills.py)
01:30:27 winapi=1224
01:30:27 open wb 'D:\\vltk-2.2-ai-extended\\src\\map\\war3map.w3a' winerror=None try 5 (skills.py)
01:30:28 winapi=1224
01:30:28 open wb 'D:\\vltk-2.2-ai-extended\\src\\map\\war3map.w3a' winerror=None try 6 (skills.py)
01:30:28 winapi=1224
01:30:28 open wb 'D:\\vltk-2.2-ai-extended\\src\\map\\war3map.w3a' winerror=None try 0 (tranphai.py)
01:30:29 winapi=1224
01:30:29 open wb 'D:\\vltk-2.2-ai-extended\\src\\map\\war3map.w3a' winerror=None try 1 (tranphai.py)
01:30:30 winapi=1224
01:30:30 open wb 'D:\\vltk-2.2-ai-extended\\src\\map\\war3map.w3u' winerror=None try 0 (tanlang.py)
01:30:30 winapi=1224
01:30:30 open wb 'D:\\vltk-2.2-ai-extended\\src\\map\\war3map.w3u' winerror=None try 1 (tanlang.py)
01:30:31 winapi=1224
01:30:31 open wb 'D:\\vltk-2.2-ai-extended\\src\\map\\war3map.w3u' winerror=None try 2 (tanlang.py)
01:30:31 winapi=1224
01:30:31 open wb 'D:\\vltk-2.2-ai-extended\\src\\map\\war3map.w3u' winerror=None try 0 (lvl200.py)
01:30:32 winapi=1224
01:30:32 open wb 'D:\\vltk-2.2-ai-extended\\src\\map\\war3map.w3u' winerror=None try 1 (lvl200.py)
01:30:46 winapi=1224
01:30:46 open wb 'D:\\vltk-2.2-ai-extended\\src\\map\\war3map.w3t' winerror=None try 0 (describe.py)
01:31:07 winapi=1224
01:31:07 open wb 'D:\\vltk-2.2-ai-extended\\build\\war3map.j' winerror=None try 0 (build.py)
01:31:08 winapi=1224
01:31:08 open wb 'D:\\vltk-2.2-ai-extended\\build\\war3map.j' winerror=None try 1 (build.py)
01:31:08 winapi=1224
01:31:08 open wb 'D:\\vltk-2.2-ai-extended\\build\\war3map.j' winerror=None try 2 (build.py)
01:31:24 winapi=1224
01:31:24 open wb 'D:\\vltk-2.2-ai-extended\\src\\map\\Scripts\\war3map.j' winerror=None try 0 (fix_script.py)
01:31:24 winapi=1224
01:31:24 open wb 'D:\\vltk-2.2-ai-extended\\src\\map\\Scripts\\war3map.j' winerror=None try 1 (fix_script.py)
01:31:25 winapi=1224
01:31:25 open wb 'D:\\vltk-2.2-ai-extended\\src\\map\\Scripts\\war3map.j' winerror=None try 0 (expand.py)
01:31:26 winapi=1224
01:31:26 open wb 'D:\\vltk-2.2-ai-extended\\src\\map\\Scripts\\war3map.j' winerror=None try 1 (expand.py)
01:31:27 winapi=1224
01:31:27 open wb 'D:\\vltk-2.2-ai-extended\\src\\map\\war3map.w3u' winerror=None try 0 (kvcreep.py)
01:31:27 winapi=1224
01:31:27 open wb 'D:\\vltk-2.2-ai-extended\\src\\map\\war3map.w3u' winerror=None try 1 (kvcreep.py)
01:31:28 winapi=1224
01:31:28 open wb 'D:\\vltk-2.2-ai-extended\\src\\map\\war3map.w3a' winerror=None try 0 (skills.py)
01:31:28 winapi=1224
01:31:28 open wb 'D:\\vltk-2.2-ai-extended\\src\\map\\war3map.w3a' winerror=None try 1 (skills.py)
01:31:29 winapi=1224
01:31:29 open wb 'D:\\vltk-2.2-ai-extended\\src\\map\\war3map.w3a' winerror=None try 2 (skills.py)
01:31:29 winapi=1224
01:31:29 open wb 'D:\\vltk-2.2-ai-extended\\src\\map\\war3map.w3a' winerror=None try 3 (skills.py)
01:31:30 winapi=1224
01:31:30 open wb 'D:\\vltk-2.2-ai-extended\\src\\map\\war3map.w3a' winerror=None try 4 (skills.py)
01:31:30 winapi=1224
01:31:30 open wb 'D:\\vltk-2.2-ai-extended\\src\\map\\war3map.w3u' winerror=None try 0 (import_boss.py)
01:31:31 winapi=1224
01:31:31 open wb 'D:\\vltk-2.2-ai-extended\\src\\map\\war3map.w3u' winerror=None try 1 (import_boss.py)
01:31:32 winapi=1224
01:31:32 open wb 'D:\\vltk-2.2-ai-extended\\src\\map\\war3map.w3u' winerror=None try 0 (lvl200.py)
01:31:32 winapi=1224
01:31:32 open wb 'D:\\vltk-2.2-ai-extended\\src\\map\\war3map.w3u' winerror=None try 1 (lvl200.py)
01:31:51 winapi=1224
01:31:51 open wb 'D:\\vltk-2.2-ai-extended\\src\\map\\war3map.w3a' winerror=None try 0 (vfx.py)
01:32:09 winapi=1224
01:32:09 open wb 'D:\\vltk-2.2-ai-extended\\build\\war3map.j' winerror=None try 0 (build.py)
01:32:09 winapi=1224
01:32:09 open wb 'D:\\vltk-2.2-ai-extended\\build\\war3map.j' winerror=None try 1 (build.py)
01:32:10 winapi=1224
01:32:10 open wb 'D:\\vltk-2.2-ai-extended\\build\\war3map.j' winerror=None try 2 (build.py)
01:36:14 winapi=1224
01:36:14 open wb 'D:\\vltk-2.2-ai-extended\\src\\map\\Scripts\\war3map.j' winerror=None try 0 (convert_text.py)
01:36:15 winapi=1224
01:36:15 open wb 'D:\\vltk-2.2-ai-extended\\src\\map\\Scripts\\war3map.j' winerror=None try 1 (convert_text.py)
01:36:15 winapi=1224
01:36:15 open wb 'D:\\vltk-2.2-ai-extended\\src\\map\\Scripts\\war3map.j' winerror=None try 2 (convert_text.py)
01:36:17 winapi=1224
01:36:17 open wb 'D:\\vltk-2.2-ai-extended\\src\\map\\war3map.w3u' winerror=None try 0 (kvcreep.py)
01:36:28 winapi=1224
01:36:28 open wb 'D:\\vltk-2.2-ai-extended\\src\\map\\war3map.w3a' winerror=None try 0 (kskill.py)
01:36:32 winapi=1224
01:36:32 open wb 'D:\\vltk-2.2-ai-extended\\src\\map\\Scripts\\war3map.j' winerror=None try 0 (kvequip.py)
01:37:18 winapi=1224
01:37:18 open wb 'D:\\vltk-2.2-ai-extended\\src\\map\\Scripts\\war3map.j' winerror=None try 0 (kvequip.py)
01:37:20 winapi=1224
01:37:20 open wb 'D:\\vltk-2.2-ai-extended\\src\\map\\war3map.w3a' winerror=None try 0 (vfx.py)
01:38:57 winapi=1224
01:38:57 open wb 'D:\\vltk-2.2-ai-extended\\src\\map\\war3map.w3a' winerror=None try 0 (kskill.py)
01:43:03 winapi=1224
01:43:03 open wb 'D:\\vltk-2.2-ai-extended\\src\\map\\Scripts\\war3map.j' winerror=None try 0 (icons.py)
01:45:33 winapi=1224
01:45:33 open wb 'D:\\vltk-2.2-ai-extended\\src\\map\\war3map.w3t' winerror=None try 0 (kvequip.py)
01:46:42 winapi=1224
01:46:42 open wb 'D:\\vltk-2.2-ai-extended\\src\\map\\Scripts\\war3map.j' winerror=None try 0 (convert_text.py)
01:46:43 winapi=1224
01:46:43 open wb 'D:\\vltk-2.2-ai-extended\\src\\map\\Scripts\\war3map.j' winerror=None try 1 (convert_text.py)
01:46:44 winapi=1224
01:46:44 open wb 'D:\\vltk-2.2-ai-extended\\src\\map\\Scripts\\war3map.j' winerror=None try 0 (fix_script.py)
01:46:44 winapi=1224
01:46:44 open wb 'D:\\vltk-2.2-ai-extended\\src\\map\\Scripts\\war3map.j' winerror=None try 1 (fix_script.py)
01:46:45 winapi=1224
01:46:45 open wb 'D:\\vltk-2.2-ai-extended\\src\\map\\Scripts\\war3map.j' winerror=None try 0 (expand.py)
01:46:45 winapi=1224
01:46:45 open wb 'D:\\vltk-2.2-ai-extended\\src\\map\\Scripts\\war3map.j' winerror=None try 1 (expand.py)
01:46:46 winapi=1224
01:46:46 open wb 'D:\\vltk-2.2-ai-extended\\src\\map\\Scripts\\war3map.j' winerror=None try 2 (expand.py)
01:46:46 winapi=1224
01:46:46 open wb 'D:\\vltk-2.2-ai-extended\\src\\map\\Scripts\\war3map.j' winerror=None try 3 (expand.py)
01:46:47 winapi=1224
01:46:47 open wb 'D:\\vltk-2.2-ai-extended\\src\\map\\Scripts\\war3map.j' winerror=None try 4 (expand.py)
01:46:48 winapi=1224
01:46:48 open wb 'D:\\vltk-2.2-ai-extended\\src\\map\\war3map.w3u' winerror=None try 0 (kvcreep.py)
01:46:48 winapi=1224
01:46:48 open wb 'D:\\vltk-2.2-ai-extended\\src\\map\\war3map.w3u' winerror=None try 1 (kvcreep.py)
01:46:49 winapi=1224
01:46:49 open wb 'D:\\vltk-2.2-ai-extended\\src\\map\\war3map.w3a' winerror=None try 0 (skills.py)
01:46:49 winapi=1224
01:46:49 open wb 'D:\\vltk-2.2-ai-extended\\src\\map\\war3map.w3a' winerror=None try 1 (skills.py)
01:46:50 winapi=1224
01:46:50 open wb 'D:\\vltk-2.2-ai-extended\\src\\map\\war3map.w3u' winerror=None try 0 (tanlang.py)
01:46:51 winapi=1224
01:46:51 open wb 'D:\\vltk-2.2-ai-extended\\src\\map\\war3map.w3u' winerror=None try 1 (tanlang.py)
01:46:51 winapi=1224
01:46:51 open wb 'D:\\vltk-2.2-ai-extended\\src\\map\\war3map.w3u' winerror=None try 2 (tanlang.py)
01:46:52 winapi=1224
01:46:52 open wb 'D:\\vltk-2.2-ai-extended\\src\\map\\war3map.w3u' winerror=None try 0 (lvl200.py)
01:46:52 winapi=1224
01:46:52 open wb 'D:\\vltk-2.2-ai-extended\\src\\map\\war3map.w3u' winerror=None try 1 (lvl200.py)
01:47:06 winapi=1224
01:47:06 open wb 'D:\\vltk-2.2-ai-extended\\src\\map\\war3map.w3t' winerror=None try 0 (kvequip.py)
01:50:50 winapi=open ok
01:50:50 open wb 'D:\\vltk-2.2-ai-extended\\src\\map\\KVCT3_Data\\dust3.blp' winerror=None try 0 (kskill.py)
01:50:52 winapi=1224
01:50:52 open wb 'D:\\vltk-2.2-ai-extended\\src\\map\\war3map.w3t' winerror=None try 0 (gameplay.py)
